2 0 -1.21693
2 1 -1.48475
2 2 -1.79006
2 3 -2.13818
2 4 -2.52368
2 5 -2.94107
2 6 -3.37915
2 7 0.0
2 8 -4.29269
2 9 0.0
2 10 -5.23731
2 11 -5.71832
2 12 0.0
2 13 0.0
2 14 0.0
2 15 0.0
2 16 -8.15143
4 0 -1.21632
4 1 -1.4861
4 2 -1.79642
4 3 -2.14826
4 4 -2.53772
4 5 -2.95329
4 6 -3.391
4 7 -3.84207
4 8 -4.30527
4 9 -4.77209
4 10 -5.24713
4 11 -5.72641
4 12 -6.20809
4 13 -6.69356
4 14 -7.17946
4 15 -7.66789
4 16 -8.15809
8 0 -1.22367
8 1 -1.4937
8 2 -1.80482
8 3 -2.15714
8 4 -2.54607
8 5 -2.96284
8 6 -3.39922
8 7 -3.84983
8 8 -4.31152
8 9 -4.77966
8 10 -5.25361
8 11 -5.73199
8 12 -6.21374
8 13 -6.69791
8 14 -7.18419
8 15 -7.67237
8 16 -8.16311
